                                                                                                                                 Gilead Sciences, Inc.
                                                                                                                                  Study GS-US-000-0000
                                                     Table 15.8.1.3.1.1: Participant Disposition
                                                              All Screened Participants

         ___________________________________________________________________________________________________________________________________
                                                                             Drug A                     Drug B                     Total
                                                                             (N=50)                     (N=50)                    (N=100)
         ___________________________________________________________________________________________________________________________________

         Screened                                                                                                               100

         ITT Analysis Set                                                  50                         50                        100

         Safety Analysis Set                                               50                         50                        100

         PK Analysis Set                                                   50                         50                        100

         Study Drug Completion Status
            Completed Study Drug                                           15 ( 30.0%)                18 ( 36.0%)                33 ( 33.0%)
            Discontinued Study Drug                                        35 ( 70.0%)                32 ( 64.0%)                67 ( 67.0%)

         Reason for Discontinuation of Study Drug
            Adverse Event                                                  26 ( 52.0%)                25 ( 50.0%)                51 ( 51.0%)
            Lack of Efficacy                                                9 ( 18.0%)                 7 ( 14.0%)                16 ( 16.0%)

         Study Completion Status
            Completed Study                                                20 ( 40.0%)                22 ( 44.0%)                42 ( 42.0%)
            Prematurely Discontinued Study                                 30 ( 60.0%)                28 ( 56.0%)                58 ( 58.0%)

         Reason for Discontinuation of Study
            Death                                                          26 ( 52.0%)                25 ( 50.0%)                51 ( 51.0%)
            Withdrawal by Subject                                           4 (  8.0%)                 3 (  6.0%)                 7 (  7.0%)









______________________________________________________________________________________________________________________________________________________
Percentages for completion status were calculated based on the number of participants in the Safety Analysis Set.
Source: Listing 16.2.1.3.1

Data Extracted: ddmmmyyyy
Source: .../final/draft1/prog/t-disp.sas v9.4  Output file: t-disp.pdf 30AUG2026:15:55                                                     Page 1 of 1
