                                                                                                                                 Gilead Sciences, Inc.
                                                                                                                                  Study GS-US-000-0000
            Table 15.10.1.1.x: Individual Data and Summary Statistics of Plasma Concentration (ng/mL) at Protocol-Specified Sampling Times
                                                                   PK Analysis Set

                                                                  Treatment: Drug A
             ____________________________________________________________________________________________________________________________
                                                                           Sampling Time (h)
             Participant ID      Pre-dose          1h          2h          4h          8h         12h         16h         18h         24h
             ____________________________________________________________________________________________________________________________

             100-006                 5.03       85.86      122.53       81.79       50.35       43.51       27.90       29.04       17.03
             100-016                 6.76       98.79       98.39         BLQ       62.57       56.47       33.85       26.07       14.97
             100-026                  BLQ      113.52       99.60       76.71       54.26       44.62       31.42       27.23       16.37
             100-036                 6.71      111.17       83.49         BLQ       72.78       56.86       28.82         BLQ       21.19
             100-046                 6.56       90.86      100.65      100.51         BLQ       46.85       36.40       30.32       13.65
             100-056                 5.70      113.26      105.15       88.86       54.62       55.61       29.11       26.14       15.13
             100-066                 6.02       86.85       77.29       67.80       78.66         BLQ         BLQ       35.23       18.86
             100-076                 6.30      132.91      102.17       73.13       71.57       49.83       27.95       23.57       13.56
             100-086                 6.41      130.71         BLQ       79.32       70.96       46.81         BLQ       23.26         BLQ
             100-096                  BLQ      130.15         BLQ       97.28       65.25       49.29       32.42       29.28       19.07
             101-002                 5.05       94.18       84.30       95.45       59.97       40.32       29.65       22.36       16.00
             101-012                 5.47      119.59      124.23       65.79       74.84       48.91         BLQ       28.71       20.71
             101-022                 6.27       86.65       92.00       81.61       59.72       40.79       28.18       33.84       20.72
             101-032                  BLQ      108.20         BLQ       68.02       54.53       40.67       30.95         BLQ       21.09
             101-042                 6.59      137.42       92.95       69.99       60.14       48.13       33.06       24.55       18.51
             101-052                 6.33      129.96      121.95       73.46       64.85       47.06       28.55       33.41       19.33
             101-062                 6.25       96.58         BLQ       83.26       63.06       38.17       31.41       24.39       16.95
             101-072                 5.98      136.60      117.60       89.13       53.99       49.78       34.88       30.92       13.62
             101-082                 6.62       94.64       83.78       97.24       70.62       43.45       30.19       21.65       17.44
             101-092                  BLQ         BLQ      106.55         BLQ       52.49         BLQ       32.00       23.44       19.46
             102-008                 5.05      110.02       96.83       81.50       65.13       42.74       38.10       29.54       16.67
             102-018                 6.60      127.17       87.13      104.34       59.35       37.84       38.19       22.91       19.32
             102-028                 6.42      125.66       96.41         BLQ       64.79       48.29       33.86       22.47       18.76
             102-038                 6.03      118.38       78.13       70.85       65.69       55.16       33.12       30.50       15.64
             102-048                 5.51       83.13      120.54         BLQ       75.08       54.97       38.68       25.31       21.11
             102-058                  BLQ      133.08      126.02       86.46       49.81       54.27       31.65       32.05       13.25
             102-068                 6.64      137.84       97.88       68.87       56.08       38.87       35.17       27.27       13.95

______________________________________________________________________________________________________________________________________________________
BLQ = below the limit of quantitation; LLOQ = lower limit of quantitation; CI = confidence interval.
Values BLQ were treated as 0 for predose and postdose.
If > 1/3 of postdose values are BLQ at a time point, then the mean, StD, and %CV are not calculated at that time point.
LLQ was defined as 5.0 ng/mL for analyte GS-XXXX.
For each participant in PK analysis set, intensive serial PK sample collection (samples over 24-hr postdose) was performed at Day 1.

Data Extracted: ddmmmyyyy
Source: .../final/draft1/prog/t-pkpc.sas v9.4  Output file: t-pkpc.pdf 31AUG2026:14:39                                                     Page 1 of 6
                                                                                                                                 Gilead Sciences, Inc.
                                                                                                                                  Study GS-US-000-0000
            Table 15.10.1.1.x: Individual Data and Summary Statistics of Plasma Concentration (ng/mL) at Protocol-Specified Sampling Times
                                                                   PK Analysis Set

                                                                  Treatment: Drug A
             ____________________________________________________________________________________________________________________________
                                                                           Sampling Time (h)
             Participant ID      Pre-dose          1h          2h          4h          8h         12h         16h         18h         24h
             ____________________________________________________________________________________________________________________________

             102-078                 6.58      104.18       82.56       72.78       72.50       41.25         BLQ       32.04       15.42
             102-088                 6.21      104.00      100.30       88.63       72.81       40.49       35.60       33.87       21.71
             102-098                 5.77       92.33      124.68      108.50       48.31       54.99         BLQ       34.81       18.61
             103-004                 5.32         BLQ       85.06       82.21       50.85       41.22         BLQ       35.26       14.18
             103-014                 6.41      105.38      100.29       70.41       66.97       34.50         BLQ       31.32       14.17
             103-024                 5.76       97.52         BLQ       95.39       74.56       38.26       40.05       23.39       19.42
             103-034                 6.10       94.67       81.65      105.87       62.43         BLQ       29.60       21.85       13.82
             103-044                 5.58       85.75       80.56       71.97       67.97       43.32       39.49       32.71       18.42
             103-054                 5.16      118.00       90.06         BLQ         BLQ       52.21       30.48       34.27       14.13
             103-064                 6.83      101.04      104.65       85.18       76.74         BLQ       36.15       28.26       21.58
             103-074                  BLQ       90.79      102.94       68.43       72.13       56.51       34.62         BLQ       14.47
             103-084                 5.84         BLQ      109.20       87.26       77.58       55.38         BLQ       30.58       20.03
             103-094                 5.21       90.13      125.52       96.84       48.28       35.91       39.63       33.30       15.24
             104-010                 6.97         BLQ       77.07         BLQ       74.28       55.20       39.03       31.98         BLQ
             104-020                 5.57       88.71       89.30       99.84       66.04       56.67         BLQ       24.64       15.24
             104-030                 6.69       98.10      111.88       72.42       73.06       36.52       38.49       24.09       18.95
             104-040                 6.97      107.71      104.09         BLQ       48.48       39.73       35.14       33.06       13.98
             104-050                 6.20      119.92      122.47       67.77         BLQ       49.99       40.42       26.47       17.50
             104-060                 5.65         BLQ         BLQ       67.82       75.13       50.18       37.77       34.22       15.42
             104-070                 6.04       92.87       88.63       81.40       47.83       55.97       27.43       28.60       18.10
             104-080                 5.91      110.24      103.06       92.95       55.97       41.36       31.79         BLQ         BLQ
             104-090                  BLQ       91.38       79.29       92.05       66.31       47.43       32.66       32.65       17.10
             104-100                 6.95       95.75      122.80       72.85       70.40       34.50       37.73       25.13       19.77





______________________________________________________________________________________________________________________________________________________
BLQ = below the limit of quantitation; LLOQ = lower limit of quantitation; CI = confidence interval.
Values BLQ were treated as 0 for predose and postdose.
If > 1/3 of postdose values are BLQ at a time point, then the mean, StD, and %CV are not calculated at that time point.
LLQ was defined as 5.0 ng/mL for analyte GS-XXXX.
For each participant in PK analysis set, intensive serial PK sample collection (samples over 24-hr postdose) was performed at Day 1.

Data Extracted: ddmmmyyyy
Source: .../final/draft1/prog/t-pkpc.sas v9.4  Output file: t-pkpc.pdf 31AUG2026:14:39                                                     Page 2 of 6
                                                                                                                                 Gilead Sciences, Inc.
                                                                                                                                  Study GS-US-000-0000
            Table 15.10.1.1.x: Individual Data and Summary Statistics of Plasma Concentration (ng/mL) at Protocol-Specified Sampling Times
                                                                   PK Analysis Set

                                                                  Treatment: Drug A
             ____________________________________________________________________________________________________________________________
                                                                           Sampling Time (h)
                                 Pre-dose          1h          2h          4h          8h         12h         16h         18h         24h
             ____________________________________________________________________________________________________________________________

             N                         50          50          50          50          50          50          50          50          50
             Mean                    5.24        96.4        88.0        69.6        60.0        42.8        27.6        26.3        16.2
             SD                      2.20        36.1        35.9        32.7        17.8        14.4        13.6        8.85        4.84
             % CV                    42.0        37.5        40.8        47.0        29.7        33.7        49.1        33.6        29.9
             95% CI(L)               4.62        86.2        77.8        60.3        54.9        38.7        23.8        23.8        14.8
             95% CI(U)               5.87         107        98.2        78.9        65.1        46.9        31.5        28.8        17.6

             Median                  6.03        99.9        97.4        78.0        64.8        45.7        31.9        28.4        17.0
             Min                      BLQ         BLQ         BLQ         BLQ         BLQ         BLQ         BLQ         BLQ         BLQ
             Max                     6.97         138         126         109        78.7        56.9        40.4        35.3        21.7

             Q1                      5.32        90.8        82.6        68.0        54.3        39.7        28.2        23.6        14.2
             Q3                      6.56         118         107        89.1        72.1        52.2        36.2        32.1        19.3

             N (LN-scale)              43          45          44          42          47          46          41          46          47
             Geom. Mean              6.07         106        98.9        82.0        63.1        46.0        33.5        28.3        17.0
             % GCV                   9.54        15.4        15.5        14.8        15.2        15.4        11.8        15.4        15.3
             95% GCI(L)              5.89         101        94.4        78.4        60.4        44.0        32.3        27.0        16.3
             95% GCI(U)              6.25         111         104        85.9        66.0        48.2        34.7        29.6        17.8

             # BLQ                      7           5           6           8           3           4           9           4           3
             >1/3 BLQ                  No          No          No          No          No          No          No          No          No
             % BLQ                   14.0        10.0        12.0        16.0        6.00        8.00        18.0        8.00        6.00





______________________________________________________________________________________________________________________________________________________
BLQ = below the limit of quantitation; LLOQ = lower limit of quantitation; CI = confidence interval.
Values BLQ were treated as 0 for predose and postdose.
If > 1/3 of postdose values are BLQ at a time point, then the mean, StD, and %CV are not calculated at that time point.
LLQ was defined as 5.0 ng/mL for analyte GS-XXXX.
For each participant in PK analysis set, intensive serial PK sample collection (samples over 24-hr postdose) was performed at Day 1.

Data Extracted: ddmmmyyyy
Source: .../final/draft1/prog/t-pkpc.sas v9.4  Output file: t-pkpc.pdf 31AUG2026:14:39                                                     Page 3 of 6
                                                                                                                                 Gilead Sciences, Inc.
                                                                                                                                  Study GS-US-000-0000
            Table 15.10.1.1.x: Individual Data and Summary Statistics of Plasma Concentration (ng/mL) at Protocol-Specified Sampling Times
                                                                   PK Analysis Set

                                                                  Treatment: Drug B
             ____________________________________________________________________________________________________________________________
                                                                           Sampling Time (h)
             Participant ID      Pre-dose          1h          2h          4h          8h         12h         16h         18h         24h
             ____________________________________________________________________________________________________________________________

             100-001                 5.72      131.85       82.97       67.96       71.94       53.28       33.93       32.54       14.90
             100-011                 6.50      105.78       76.86       77.64       68.10       38.86       28.56       29.48       18.93
             100-021                 5.71      102.90      126.46      103.18       60.09       50.09       40.71       35.10       18.32
             100-031                  BLQ      116.80      100.71      100.26       74.91       36.93       35.34       21.36       20.88
             100-041                 6.57      124.58      113.94       99.18       49.35       55.56       36.48       34.77       20.97
             100-051                 6.88      128.99       86.27       85.24       66.47         BLQ       27.53       30.29       16.04
             100-061                 5.97       92.04       98.39       99.83       55.53       53.36         BLQ       32.35       16.50
             100-071                 5.77       86.28       92.89         BLQ       50.19       36.47       34.35       21.34       21.34
             100-081                 5.35       86.69       98.21         BLQ       70.55       40.41       32.64       33.36       21.48
             100-091                 6.54      125.41       80.20      103.01       60.56       44.42       40.57       22.82       21.22
             101-007                  BLQ      126.74      121.46      100.34       68.22       49.94       34.36       25.23       15.63
             101-017                  BLQ       95.40      108.20       75.75       65.96       47.06       39.66       23.39       21.43
             101-027                 5.02      133.48      109.45       98.13       65.06       43.28         BLQ       30.65       13.33
             101-037                 6.80       88.47      117.89       81.05       66.49       49.63       32.27       31.50       13.43
             101-047                 6.32       97.00       92.41       70.02       55.13       45.75       26.62       21.44       16.21
             101-057                 6.07       89.90       90.96       97.46       59.34       37.00       26.10       23.98       20.05
             101-067                 5.55      117.48      107.65       84.20       50.01       35.07       26.89       28.08       14.86
             101-077                  BLQ         BLQ       80.98       77.87       61.12       35.83       31.79       24.76       18.95
             101-087                 5.88      123.35      124.42       90.21       54.53       47.13         BLQ       35.17       15.71
             101-097                  BLQ      106.27         BLQ       74.18       68.09       46.20       36.43       29.26       17.21
             102-003                  BLQ      136.82      127.47       87.04       72.01       43.04       36.35       33.09       19.35
             102-013                 6.84      120.97       93.73       93.53       78.30       46.75       29.33       27.21       15.41
             102-023                 6.61      110.19      119.79      102.13       62.17       57.23       34.51       32.76       20.98
             102-033                  BLQ      106.47       79.65       99.26       59.39       46.95       40.67       28.98       19.22
             102-043                 6.87       86.19       83.03      107.24       48.52       41.73       38.23       25.13       14.35
             102-053                 6.22      109.63      115.29         BLQ       60.11       42.11       28.46       25.21       14.78
             102-063                  BLQ      111.61       78.59      103.16         BLQ       48.60       41.14         BLQ       20.31

______________________________________________________________________________________________________________________________________________________
BLQ = below the limit of quantitation; LLOQ = lower limit of quantitation; CI = confidence interval.
Values BLQ were treated as 0 for predose and postdose.
If > 1/3 of postdose values are BLQ at a time point, then the mean, StD, and %CV are not calculated at that time point.
LLQ was defined as 5.0 ng/mL for analyte GS-XXXX.
For each participant in PK analysis set, intensive serial PK sample collection (samples over 24-hr postdose) was performed at Day 1.

Data Extracted: ddmmmyyyy
Source: .../final/draft1/prog/t-pkpc.sas v9.4  Output file: t-pkpc.pdf 31AUG2026:14:39                                                     Page 4 of 6
                                                                                                                                 Gilead Sciences, Inc.
                                                                                                                                  Study GS-US-000-0000
            Table 15.10.1.1.x: Individual Data and Summary Statistics of Plasma Concentration (ng/mL) at Protocol-Specified Sampling Times
                                                                   PK Analysis Set

                                                                  Treatment: Drug B
             ____________________________________________________________________________________________________________________________
                                                                           Sampling Time (h)
             Participant ID      Pre-dose          1h          2h          4h          8h         12h         16h         18h         24h
             ____________________________________________________________________________________________________________________________

             102-073                 5.38       85.08         BLQ       89.48       48.85       49.66       41.37       27.14         BLQ
             102-083                 6.27      116.74       78.27       65.46       55.02       34.86       35.31       26.93       19.41
             102-093                 6.88      112.21       99.30      107.07       60.50         BLQ       38.52       33.32       13.54
             103-009                 6.01       95.03       81.44       73.46       58.65       40.14       39.03       34.04       18.21
             103-019                 5.31      116.42       99.10       74.58         BLQ       56.26       27.94       28.95       16.06
             103-029                 5.70      117.15      100.80       70.66       67.16       39.57       27.57       29.46       19.10
             103-039                  BLQ      118.17      123.99       65.80       77.54       38.48       31.06       24.13       17.30
             103-049                 6.18       88.18       99.81       90.14       61.77       56.52       33.53       31.20       20.94
             103-059                 5.99      101.41      109.29       65.89       77.11       53.11         BLQ       28.23       21.51
             103-069                 5.85      133.27         BLQ       99.40       66.79       55.92       29.00       31.84       19.71
             103-079                 6.08       96.40       97.82       72.71       60.46       43.49       40.65         BLQ       16.16
             103-089                 6.89      133.02      122.43       87.16       75.49       38.47       28.55       31.18       16.52
             103-099                 5.81      131.81       93.45       71.42       59.87       46.45       36.35       32.58       19.80
             104-005                 5.24      108.26       99.88       98.24       49.89       39.00         BLQ       34.10       18.42
             104-015                 5.81      128.83       85.52       67.03       52.27       48.53         BLQ       31.76       17.98
             104-025                 5.93      106.87       77.95      102.09       65.81       51.74       34.97       27.37       14.32
             104-035                 6.27      124.88         BLQ      106.34         BLQ       48.83       31.23       23.83       21.28
             104-045                 6.13      123.83       97.13         BLQ       76.76       40.04         BLQ       28.93       19.68
             104-055                 5.23      124.19      124.01       86.76         BLQ       46.58       34.17       24.19       13.98
             104-065                 5.40      119.91      103.35       75.17       53.76       50.03       33.61       24.85       15.78
             104-075                 5.98         BLQ       81.96         BLQ       54.90         BLQ       27.67       24.11         BLQ
             104-085                 5.31      100.79       96.11      105.50       59.88         BLQ       29.01       23.01       20.63
             104-095                 5.23       84.32      103.37       83.56       65.22       49.26       41.15       28.90       20.08





______________________________________________________________________________________________________________________________________________________
BLQ = below the limit of quantitation; LLOQ = lower limit of quantitation; CI = confidence interval.
Values BLQ were treated as 0 for predose and postdose.
If > 1/3 of postdose values are BLQ at a time point, then the mean, StD, and %CV are not calculated at that time point.
LLQ was defined as 5.0 ng/mL for analyte GS-XXXX.
For each participant in PK analysis set, intensive serial PK sample collection (samples over 24-hr postdose) was performed at Day 1.

Data Extracted: ddmmmyyyy
Source: .../final/draft1/prog/t-pkpc.sas v9.4  Output file: t-pkpc.pdf 31AUG2026:14:39                                                     Page 5 of 6
                                                                                                                                 Gilead Sciences, Inc.
                                                                                                                                  Study GS-US-000-0000
            Table 15.10.1.1.x: Individual Data and Summary Statistics of Plasma Concentration (ng/mL) at Protocol-Specified Sampling Times
                                                                   PK Analysis Set

                                                                  Treatment: Drug B
             ____________________________________________________________________________________________________________________________
                                                                           Sampling Time (h)
                                 Pre-dose          1h          2h          4h          8h         12h         16h         18h         24h
             ____________________________________________________________________________________________________________________________

             N                         50          50          50          50          50          50          50          50          50
             Mean                    4.92         107        91.7        78.7        57.4        42.0        29.1        27.4        17.2
             SD                      2.38        26.9        31.0        29.5        18.9        13.9        12.7        6.93        4.38
             % CV                    48.3        25.2        33.9        37.5        33.0        33.2        43.5        25.3        25.4
             95% CI(L)               4.25        98.9        82.8        70.3        52.0        38.0        25.5        25.4        16.0
             95% CI(U)               5.60         114         100        87.1        62.8        46.0        32.7        29.4        18.5

             Median                  5.83         111        98.0        86.0        60.5        46.0        33.1        28.9        18.3
             Min                      BLQ         BLQ         BLQ         BLQ         BLQ         BLQ         BLQ         BLQ         BLQ
             Max                     6.89         137         127         107        78.3        57.2        41.4        35.2        21.5

             Q1                      5.24        95.4        82.0        71.4        54.5        38.9        27.7        24.2        15.6
             Q3                      6.27         124         109        99.4        67.2        49.7        36.4        31.8        20.1

             N (LN-scale)              41          48          46          45          46          46          43          48          48
             Geom. Mean              5.98         110        98.5        86.4        61.8        45.2        33.5        28.2        17.8
             % GCV                   8.97        14.7        15.5        16.2        13.7        14.3        14.4        14.8        15.0
             95% GCI(L)              5.81         105        94.1        82.3        59.4        43.3        32.0        27.1        17.0
             95% GCI(U)              6.15         115         103        90.7        64.4        47.2        35.0        29.5        18.6

             # BLQ                      9           2           4           5           4           4           7           2           2
             >1/3 BLQ                  No          No          No          No          No          No          No          No          No
             % BLQ                   18.0        4.00        8.00        10.0        8.00        8.00        14.0        4.00        4.00





______________________________________________________________________________________________________________________________________________________
BLQ = below the limit of quantitation; LLOQ = lower limit of quantitation; CI = confidence interval.
Values BLQ were treated as 0 for predose and postdose.
If > 1/3 of postdose values are BLQ at a time point, then the mean, StD, and %CV are not calculated at that time point.
LLQ was defined as 5.0 ng/mL for analyte GS-XXXX.
For each participant in PK analysis set, intensive serial PK sample collection (samples over 24-hr postdose) was performed at Day 1.

Data Extracted: ddmmmyyyy
Source: .../final/draft1/prog/t-pkpc.sas v9.4  Output file: t-pkpc.pdf 31AUG2026:14:39                                                     Page 6 of 6
