                                                                                                                                 Gilead Sciences, Inc.
                                                                                                                                  Study GS-US-000-0000
                                                                Safety Program Summary
                                                     Source Workbook File: ../docs/m_safety.xlsx
                                                            Safety programs and titlekeys


                         ----------------------------------------------------------------------------------------------------
                         NOTE: NO ERRORS OR WARNINGS REGARDING CONTENTS OF TFL SPREADSHEET

                         Source File: ../tools/tnf.inc
                         Source File: ../docs/m_safety.xlsx

































______________________________________________________________________________________________________________________________________________________
Data Extracted: ddmmmyyyy
Source: .../final/draft1/tools/mk-safety.sas v9.4  Output file: mk-safety.pdf 30AUG2026:15:40                                              Page 1 of 2
                                                                                                                                 Gilead Sciences, Inc.
                                                                                                                                  Study GS-US-000-0000
                                                                Safety Program Summary
                                                     Source Workbook File: ../docs/m_safety.xlsx
                                                            Safety programs and titlekeys

                                  Program                                  Titlekey
                                  ---------------------------------------------------------------------------------
                                  t-s-aebrief.sas                          t-s-aebrief
                                  t-s-demog.sas                            t-s-demog
                                  t-s-disp.sas                             t-s-disp


































______________________________________________________________________________________________________________________________________________________
Data Extracted: ddmmmyyyy
Source: .../final/draft1/tools/mk-safety.sas v9.4  Output file: mk-safety.pdf 30AUG2026:15:40                                              Page 2 of 2
